<html>
<body>
<pre>
<h1>µVision Build Log</h1>
<h2>Project:</h2>
C:\Users\suraj\Desktop\LabTW\MC\TEST\test.uvproj
Project File Date:  01/23/2024

<h2>Output:</h2>
Build target 'Target 1'
linking...
Program Size: Code=560 RO-data=32 RW-data=4 ZI-data=1164  
FromELF: creating hex file...
".\test.axf" - 0 Error(s), 0 Warning(s).
</pre>
</body>
</html>
ize: Code=580 RO-data=32 RW-data=4 ZI-data=1164  
FromELF: creating hex file...
".\test.axf" - 0 Error(s), 1 Warning(s).
compiling main.c...
"main.c" - 0 Error(s), 0 Warning(s).
