


ARM Macro Assembler    Page 1 


    1 00000000                 AREA             MAIN, CODE, READONLY
    2 00000000                 ENTRY
    3 00000000 E3A0000A        MOV              R0, #10
    4 00000004 E59F1020        LDR              R1, =SVALUE
    5 00000008 E59F2020        LDR              R2, =DVALUE
    6 0000000C E0D130B1 
                       LOOP    LDRH             R3,[R1], #1
    7 00000010 E0C130B1        STRH             R3, [R1],#1
    8 00000014 E2500001        SUBS             R0, #1
    9 00000018 1AFFFFFB        BNE              LOOP
   10 0000001C EAFFFFFE 
                       L       B                L
   11 00000020 11 11 22 
              22 33 33 
              44 44 55 
              55       SVALUE  DCW              0X1111, 0X2222, 0X3333, 0X4444,
 0X5555
   12 0000002A 00 00 00000000 
              00000000         AREA             MYDATA, DATA, READWRITE
   13 00000000 00 00   DVALUE  DCW              0
   14 00000002                 END
Command Line: --debug --xref --apcs=interwork --depend=.\main.d -o.\main.o -IC:
\Keil\ARM\RV31\INC -IC:\Keil\ARM\CMSIS\Include -IC:\Keil\ARM\Inc\Philips --pred
efine="__EVAL SETA 1" --list=.\main.lst main.s



ARM Macro Assembler    Page 1 Alphabetic symbol ordering
Relocatable symbols

L 0000001C

Symbol: L
   Definitions
      At line 10 in file main.s
   Uses
      At line 10 in file main.s
Comment: L used once
LOOP 0000000C

Symbol: LOOP
   Definitions
      At line 6 in file main.s
   Uses
      At line 9 in file main.s
Comment: LOOP used once
MAIN 00000000

Symbol: MAIN
   Definitions
      At line 1 in file main.s
   Uses
      None
Comment: MAIN unused
SVALUE 00000020

Symbol: SVALUE
   Definitions
      At line 11 in file main.s
   Uses
      At line 4 in file main.s
Comment: SVALUE used once
4 symbols



ARM Macro Assembler    Page 1 Alphabetic symbol ordering
Relocatable symbols

DVALUE 00000000

Symbol: DVALUE
   Definitions
      At line 13 in file main.s
   Uses
      At line 5 in file main.s
Comment: DVALUE used once
MYDATA 00000000

Symbol: MYDATA
   Definitions
      At line 12 in file main.s
   Uses
      None
Comment: MYDATA unused
2 symbols
339 symbols in table
